test_group_replacement_keeps_notes_and_removes_old_tables (test_structure_workflow.GroupTests.test_group_replacement_keeps_notes_and_removes_old_tables) ... ok
test_local_insert_and_split_keep_each_token_once (test_structure_workflow.GroupTests.test_local_insert_and_split_keep_each_token_once) ... ok
test_cross_cell_line_is_not_divided_or_duplicated (test_structure_workflow.StructureDiagnosticsTests.test_cross_cell_line_is_not_divided_or_duplicated) ... ok
test_headers_roundtrip (test_structure_workflow.StructureDiagnosticsTests.test_headers_roundtrip) ... ok
test_incomplete_grid_is_not_compressed (test_structure_workflow.StructureDiagnosticsTests.test_incomplete_grid_is_not_compressed) ... ok
test_local_merge_preserves_other_rows (test_structure_workflow.StructureDiagnosticsTests.test_local_merge_preserves_other_rows) ... ok
test_raw_ids_numbering_and_literal_numbers_survive (test_structure_workflow.StructureDiagnosticsTests.test_raw_ids_numbering_and_literal_numbers_survive) ... ok
test_same_values_do_not_identify_two_tables (test_structure_workflow.StructureDiagnosticsTests.test_same_values_do_not_identify_two_tables) ... ok
test_apply_preserves_source_and_undo_redo (test_structure_workflow.StructureStoreTests.test_apply_preserves_source_and_undo_redo) ... ok
test_blank_recovered_cell_needs_explicit_acknowledgement (test_structure_workflow.StructureStoreTests.test_blank_recovered_cell_needs_explicit_acknowledgement) ... ok
test_document_queue_groups_provider_alternatives (test_structure_workflow.StructureStoreTests.test_document_queue_groups_provider_alternatives) ... ok
test_export_readback_preserves_amounts_headers_and_full_lineage (test_structure_workflow.StructureStoreTests.test_export_readback_preserves_amounts_headers_and_full_lineage) ... ok
test_geometry_is_recomputed_on_new_structure (test_structure_workflow.StructureStoreTests.test_geometry_is_recomputed_on_new_structure) ... ok
test_keep_defer_and_unrelated_edit_invalidation (test_structure_workflow.StructureStoreTests.test_keep_defer_and_unrelated_edit_invalidation) ... ok
test_legacy_candidate_import_requires_original_image_and_artifact_hash (test_structure_workflow.StructureStoreTests.test_legacy_candidate_import_requires_original_image_and_artifact_hash) ... ok
test_manual_cell_binding_survives_structural_adoption (test_structure_workflow.StructureStoreTests.test_manual_cell_binding_survives_structural_adoption) ... ok
test_native_adoption_retains_exact_units_without_duplicate_pdf_text (test_structure_workflow.StructureStoreTests.test_native_adoption_retains_exact_units_without_duplicate_pdf_text) ... ok
test_new_candidates_invalidate_check_and_previous_pending_decisions (test_structure_workflow.StructureStoreTests.test_new_candidates_invalidate_check_and_previous_pending_decisions) ... ok
test_request_replay_is_idempotent_and_payload_bound (test_structure_workflow.StructureStoreTests.test_request_replay_is_idempotent_and_payload_bound) ... ok
test_schema9_upgrade_backup_and_failure_rollback (test_structure_workflow.StructureStoreTests.test_schema9_upgrade_backup_and_failure_rollback) ... ok
test_stale_revision_and_image_cannot_apply (test_structure_workflow.StructureStoreTests.test_stale_revision_and_image_cannot_apply) ... ok
test_structure_routes_require_authentication_and_revision (test_structure_workflow.StructureStoreTests.test_structure_routes_require_authentication_and_revision) ... ok
test_unknown_manual_value_blocks_instead_of_disappearing (test_structure_workflow.StructureStoreTests.test_unknown_manual_value_blocks_instead_of_disappearing) ... ok

----------------------------------------------------------------------
Ran 23 tests in 2.728s

OK
