test_completed_decisions_remain_in_all_but_cannot_apply_after_upgrade (test_audit_review_queue.CurrentStructureQueueTests.test_completed_decisions_remain_in_all_but_cannot_apply_after_upgrade) ... ok
test_current_candidates_and_check_agree_with_panel (test_audit_review_queue.CurrentStructureQueueTests.test_current_candidates_and_check_agree_with_panel) ... ok
test_image_hash_change_hides_pending_and_invalidates_check (test_audit_review_queue.CurrentStructureQueueTests.test_image_hash_change_hides_pending_and_invalidates_check) ... ok
test_new_tool_run_hides_previous_candidates_until_new_check (test_audit_review_queue.CurrentStructureQueueTests.test_new_tool_run_hides_previous_candidates_until_new_check) ... ok
test_revision_change_requires_a_new_check (test_audit_review_queue.CurrentStructureQueueTests.test_revision_change_requires_a_new_check) ... ok
test_tool_upgrade_hides_pending_and_deferred_even_after_recheck (test_audit_review_queue.CurrentStructureQueueTests.test_tool_upgrade_hides_pending_and_deferred_even_after_recheck) ... ok
test_proposal_identity_survives_target_rebase (test_audit_review_queue.MultimodalQueueIdentityTests.test_proposal_identity_survives_target_rebase) ... ok
test_repeated_targets_and_pending_tasks_have_unique_stable_paginated_ids (test_audit_review_queue.MultimodalQueueIdentityTests.test_repeated_targets_and_pending_tasks_have_unique_stable_paginated_ids) ... ok
test_group_replacement_keeps_notes_and_removes_old_tables (test_structure_workflow.GroupTests.test_group_replacement_keeps_notes_and_removes_old_tables) ... ok
test_local_insert_and_split_keep_each_token_once (test_structure_workflow.GroupTests.test_local_insert_and_split_keep_each_token_once) ... ok
test_cross_cell_line_is_not_divided_or_duplicated (test_structure_workflow.StructureDiagnosticsTests.test_cross_cell_line_is_not_divided_or_duplicated) ... ok
test_headers_roundtrip (test_structure_workflow.StructureDiagnosticsTests.test_headers_roundtrip) ... ok
test_incomplete_grid_is_not_compressed (test_structure_workflow.StructureDiagnosticsTests.test_incomplete_grid_is_not_compressed) ... ok
test_local_merge_preserves_other_rows (test_structure_workflow.StructureDiagnosticsTests.test_local_merge_preserves_other_rows) ... ok
test_raw_ids_numbering_and_literal_numbers_survive (test_structure_workflow.StructureDiagnosticsTests.test_raw_ids_numbering_and_literal_numbers_survive) ... ok
test_same_values_do_not_identify_two_tables (test_structure_workflow.StructureDiagnosticsTests.test_same_values_do_not_identify_two_tables) ... ok
test_apply_preserves_source_and_undo_redo (test_structure_workflow.StructureStoreTests.test_apply_preserves_source_and_undo_redo) ... ok
test_blank_recovered_cell_needs_explicit_acknowledgement (test_structure_workflow.StructureStoreTests.test_blank_recovered_cell_needs_explicit_acknowledgement) ... ok
test_check_after_second_provider_keeps_unchanged_alternatives (test_structure_workflow.StructureStoreTests.test_check_after_second_provider_keeps_unchanged_alternatives) ... ok
test_document_queue_groups_provider_alternatives (test_structure_workflow.StructureStoreTests.test_document_queue_groups_provider_alternatives) ... ok
test_export_readback_preserves_amounts_headers_and_full_lineage (test_structure_workflow.StructureStoreTests.test_export_readback_preserves_amounts_headers_and_full_lineage) ... ok
test_geometry_is_recomputed_on_new_structure (test_structure_workflow.StructureStoreTests.test_geometry_is_recomputed_on_new_structure) ... ok
test_keep_defer_and_unrelated_edit_invalidation (test_structure_workflow.StructureStoreTests.test_keep_defer_and_unrelated_edit_invalidation) ... ok
test_legacy_candidate_import_requires_original_image_and_artifact_hash (test_structure_workflow.StructureStoreTests.test_legacy_candidate_import_requires_original_image_and_artifact_hash) ... ok
test_manual_cell_binding_survives_structural_adoption (test_structure_workflow.StructureStoreTests.test_manual_cell_binding_survives_structural_adoption) ... ok
test_native_adoption_retains_exact_units_without_duplicate_pdf_text (test_structure_workflow.StructureStoreTests.test_native_adoption_retains_exact_units_without_duplicate_pdf_text) ... ok
test_new_candidates_invalidate_check_and_previous_pending_decisions (test_structure_workflow.StructureStoreTests.test_new_candidates_invalidate_check_and_previous_pending_decisions) ... ok
test_request_replay_is_idempotent_and_payload_bound (test_structure_workflow.StructureStoreTests.test_request_replay_is_idempotent_and_payload_bound) ... ok
test_schema9_upgrade_backup_and_failure_rollback (test_structure_workflow.StructureStoreTests.test_schema9_upgrade_backup_and_failure_rollback) ... ok
test_stale_revision_and_image_cannot_apply (test_structure_workflow.StructureStoreTests.test_stale_revision_and_image_cannot_apply) ... ok
test_structure_routes_require_authentication_and_revision (test_structure_workflow.StructureStoreTests.test_structure_routes_require_authentication_and_revision) ... ok
test_unknown_manual_value_blocks_instead_of_disappearing (test_structure_workflow.StructureStoreTests.test_unknown_manual_value_blocks_instead_of_disappearing) ... ok
test_failed_v11_migration_rolls_back_created_schema_and_data_then_recovers (test_multimodal_store.MultimodalMigrationTests.test_failed_v11_migration_rolls_back_created_schema_and_data_then_recovers) ... ok
test_real_v10_upgrade_keeps_backup_original_and_undo_history (test_multimodal_store.MultimodalMigrationTests.test_real_v10_upgrade_keeps_backup_original_and_undo_history) ... ok
test_cancelled_and_failed_work_never_produces_proposals (test_multimodal_store.MultimodalStoreTests.test_cancelled_and_failed_work_never_produces_proposals) ... ok
test_decision_idempotence_and_payload_binding (test_multimodal_store.MultimodalStoreTests.test_decision_idempotence_and_payload_binding) ... ok
test_edit_during_inference_rejects_late_result (test_multimodal_store.MultimodalStoreTests.test_edit_during_inference_rejects_late_result) ... ok
test_empty_deletion_remains_accepted_through_sibling_rebase (test_multimodal_store.MultimodalStoreTests.test_empty_deletion_remains_accepted_through_sibling_rebase) ... ok
test_html_not_duplicated_and_cell_values_remain_literal (test_multimodal_store.MultimodalStoreTests.test_html_not_duplicated_and_cell_values_remain_literal) ... ok
test_invalid_targets_response_and_uncertain_cannot_replace (test_multimodal_store.MultimodalStoreTests.test_invalid_targets_response_and_uncertain_cannot_replace) ... ok
test_literal_accept_preserves_original_and_undo_is_stale (test_multimodal_store.MultimodalStoreTests.test_literal_accept_preserves_original_and_undo_is_stale) ... ok
test_original_text_geometry_requires_unique_exact_match (test_multimodal_store.MultimodalStoreTests.test_original_text_geometry_requires_unique_exact_match) ... ok
test_question_and_reject_are_undoable_without_expiring_siblings (test_multimodal_store.MultimodalStoreTests.test_question_and_reject_are_undoable_without_expiring_siblings) ... ok
test_selected_span_offsets_are_unicode_code_points (test_multimodal_store.MultimodalStoreTests.test_selected_span_offsets_are_unicode_code_points) ... ok
test_selection_switch_back_does_not_revive_snapshot (test_multimodal_store.MultimodalStoreTests.test_selection_switch_back_does_not_revive_snapshot) ... ok
test_sequential_text_rebases_and_expires_other_requests (test_multimodal_store.MultimodalStoreTests.test_sequential_text_rebases_and_expires_other_requests) ... ok
test_sources_include_immutable_snapshots_response_and_rebase (test_multimodal_store.MultimodalStoreTests.test_sources_include_immutable_snapshots_response_and_rebase) ... ok
test_stale_geometry_is_full_page_and_manual_geometry_retains_semantics (test_multimodal_store.MultimodalStoreTests.test_stale_geometry_is_full_page_and_manual_geometry_retains_semantics) ... ok
test_submission_idempotence_and_concurrent_old_revision (test_multimodal_store.MultimodalStoreTests.test_submission_idempotence_and_concurrent_old_revision) ... ok
test_text_replacement_before_table_preserves_source_bindings (test_multimodal_store.MultimodalStoreTests.test_text_replacement_before_table_preserves_source_bindings) ... ok
test_version_and_real_file_changes_reject_decision (test_multimodal_store.MultimodalStoreTests.test_version_and_real_file_changes_reject_decision) ... ok
test_cancellation_and_expired_inference_publish_no_proposal (test_multimodal_integration.MultimodalIntegrationTests.test_cancellation_and_expired_inference_publish_no_proposal) ... ok
test_committed_submission_replay_survives_model_removal_and_review_only_mode (test_multimodal_integration.MultimodalIntegrationTests.test_committed_submission_replay_survives_model_removal_and_review_only_mode) ... ok
test_deciding_earlier_task_expires_running_other_task_without_losing_siblings (test_multimodal_integration.MultimodalIntegrationTests.test_deciding_earlier_task_expires_running_other_task_without_losing_siblings) ... ok
test_failure_retry_and_launch_recovery_keep_same_snapshot (test_multimodal_integration.MultimodalIntegrationTests.test_failure_retry_and_launch_recovery_keep_same_snapshot) ... ok
test_models_endpoint_handles_missing_config_and_advertises_ready_profile (test_multimodal_integration.MultimodalIntegrationTests.test_models_endpoint_handles_missing_config_and_advertises_ready_profile) ... ok
test_one_broken_model_profile_does_not_hide_available_models (test_multimodal_integration.MultimodalIntegrationTests.test_one_broken_model_profile_does_not_hide_available_models) ... ok
test_pdf_capture_contains_review_provenance_without_changing_ocr_units (test_multimodal_integration.MultimodalIntegrationTests.test_pdf_capture_contains_review_provenance_without_changing_ocr_units) ... ok
test_queue_only_publishes_proposals_and_closes_session (test_multimodal_integration.MultimodalIntegrationTests.test_queue_only_publishes_proposals_and_closes_session) ... ok
test_real_catalog_isolates_malformed_alternative_metadata (test_multimodal_integration.MultimodalIntegrationTests.test_real_catalog_isolates_malformed_alternative_metadata) ... ok
test_report_pins_content_and_provenance_while_another_store_edits (test_multimodal_integration.MultimodalIntegrationTests.test_report_pins_content_and_provenance_while_another_store_edits) ... ok
test_reports_preserve_literals_and_include_failed_tasks (test_multimodal_integration.MultimodalIntegrationTests.test_reports_preserve_literals_and_include_failed_tasks) ... ok
test_review_only_routes_allow_decision_and_report_but_deny_inference (test_multimodal_integration.MultimodalIntegrationTests.test_review_only_routes_allow_decision_and_report_but_deny_inference) ... ok
test_runtime_cancel_on_shutdown_is_interrupted_and_resumable (test_multimodal_integration.MultimodalIntegrationTests.test_runtime_cancel_on_shutdown_is_interrupted_and_resumable) ... ok
test_standard_exports_carry_same_revision_sources_and_literal_content (test_multimodal_integration.MultimodalIntegrationTests.test_standard_exports_carry_same_revision_sources_and_literal_content) ... ok
test_task_routes_validate_ownership_and_reject_stale_retry (test_multimodal_integration.MultimodalIntegrationTests.test_task_routes_validate_ownership_and_reject_stale_retry) ... ok
test_ambiguous_multiple_tables_do_not_guess_even_a_region (test_geometry.GeometryMappingTests.test_ambiguous_multiple_tables_do_not_guess_even_a_region) ... ok
test_direct_detection_unique_structure_and_text_give_cell_coordinates (test_geometry.GeometryMappingTests.test_direct_detection_unique_structure_and_text_give_cell_coordinates) ... ok
test_malformed_model_structure_degrades_without_crashing (test_geometry.GeometryMappingTests.test_malformed_model_structure_degrades_without_crashing) ... ok
test_same_cell_count_different_structure_and_repeated_values_are_ambiguous (test_geometry.GeometryMappingTests.test_same_cell_count_different_structure_and_repeated_values_are_ambiguous) ... ok
test_unsupported_postprocessed_box_degrades_without_fake_precision (test_geometry.GeometryMappingTests.test_unsupported_postprocessed_box_degrades_without_fake_precision) ... ok
test_algorithm_code_change_invalidates_correspondence_without_version_bump (test_geometry.GeometryStorageTests.test_algorithm_code_change_invalidates_correspondence_without_version_bump) ... ok
test_cancelled_geometry_cannot_commit_late_evidence (test_geometry.GeometryStorageTests.test_cancelled_geometry_cannot_commit_late_evidence) ... ok
test_candidate_cache_survives_text_edit_without_reusing_correspondence (test_geometry.GeometryStorageTests.test_candidate_cache_survives_text_edit_without_reusing_correspondence) ... ok
test_geometry_cache_never_changes_text_revision_selection_or_original (test_geometry.GeometryStorageTests.test_geometry_cache_never_changes_text_revision_selection_or_original) ... ok
test_late_text_revision_does_not_become_fresh_geometry (test_geometry.GeometryStorageTests.test_late_text_revision_does_not_become_fresh_geometry) ... ok
test_manual_binding_is_explicit_and_revision_checked (test_geometry.GeometryStorageTests.test_manual_binding_is_explicit_and_revision_checked) ... ok
test_native_structure_is_separate_preview_and_exports_native_words_once (test_geometry.GeometryStorageTests.test_native_structure_is_separate_preview_and_exports_native_words_once) ... ok
test_policy_change_does_not_hit_mapping_cache (test_geometry.GeometryStorageTests.test_policy_change_does_not_hit_mapping_cache) ... ok
test_text_cache_and_old_anchor_snapshot_are_distinct (test_geometry.GeometryStorageTests.test_text_cache_and_old_anchor_snapshot_are_distinct) ... ok
test_text_edit_keeps_geometry_but_structure_edit_and_undo_expire_it (test_geometry.GeometryStorageTests.test_text_edit_keeps_geometry_but_structure_edit_and_undo_expire_it) ... ok

----------------------------------------------------------------------
Ran 81 tests in 9.235s

OK
