warning: in the working copy of 'README.md', LF will be replaced by CRLF the next time Git touches it
warning: in the working copy of 'frontend/package-lock.json', LF will be replaced by CRLF the next time Git touches it
warning: in the working copy of 'frontend/package.json', LF will be replaced by CRLF the next time Git touches it
warning: in the working copy of 'frontend/src/App.tsx', LF will be replaced by CRLF the next time Git touches it
warning: in the working copy of 'frontend/src/DocumentConflicts.tsx', LF will be replaced by CRLF the next time Git touches it
warning: in the working copy of 'frontend/src/DocumentTree.tsx', LF will be replaced by CRLF the next time Git touches it
warning: in the working copy of 'frontend/src/GeometryPanel.tsx', LF will be replaced by CRLF the next time Git touches it
warning: in the working copy of 'frontend/src/RegionPreview.tsx', LF will be replaced by CRLF the next time Git touches it
warning: in the working copy of 'frontend/src/TableEditor.tsx', LF will be replaced by CRLF the next time Git touches it
warning: in the working copy of 'frontend/src/TaskQueue.tsx', LF will be replaced by CRLF the next time Git touches it
warning: in the working copy of 'frontend/src/resultWorkflow.test.ts', LF will be replaced by CRLF the next time Git touches it
warning: in the working copy of 'frontend/src/resultWorkflow.ts', LF will be replaced by CRLF the next time Git touches it
warning: in the working copy of 'frontend/src/types.ts', LF will be replaced by CRLF the next time Git touches it
warning: in the working copy of 'frontend/src/useEditor.ts', LF will be replaced by CRLF the next time Git touches it
warning: in the working copy of 'frontend/src/workspacePreferences.test.ts', LF will be replaced by CRLF the next time Git touches it
warning: in the working copy of 'frontend/src/workspacePreferences.ts', LF will be replaced by CRLF the next time Git touches it
warning: in the working copy of 'scripts/audit_document_ui.mjs', LF will be replaced by CRLF the next time Git touches it
warning: in the working copy of 'scripts/audit_document_ui.py', LF will be replaced by CRLF the next time Git touches it
warning: in the working copy of 'scripts/evaluate_geometry_gpu.py', LF will be replaced by CRLF the next time Git touches it
warning: in the working copy of 'scripts/evaluate_rapid_reference.py', LF will be replaced by CRLF the next time Git touches it
warning: in the working copy of 'src/ocr_workbench/__init__.py', LF will be replaced by CRLF the next time Git touches it
warning: in the working copy of 'src/ocr_workbench/adapter.py', LF will be replaced by CRLF the next time Git touches it
warning: in the working copy of 'src/ocr_workbench/document_conflicts.py', LF will be replaced by CRLF the next time Git touches it
warning: in the working copy of 'src/ocr_workbench/document_store.py', LF will be replaced by CRLF the next time Git touches it
warning: in the working copy of 'src/ocr_workbench/documents.py', LF will be replaced by CRLF the next time Git touches it
warning: in the working copy of 'src/ocr_workbench/editing.py', LF will be replaced by CRLF the next time Git touches it
warning: in the working copy of 'src/ocr_workbench/engine_host.py', LF will be replaced by CRLF the next time Git touches it
warning: in the working copy of 'src/ocr_workbench/exporting.py', LF will be replaced by CRLF the next time Git touches it
warning: in the working copy of 'src/ocr_workbench/fusion_store.py', LF will be replaced by CRLF the next time Git touches it
warning: in the working copy of 'src/ocr_workbench/geometry.py', LF will be replaced by CRLF the next time Git touches it
warning: in the working copy of 'src/ocr_workbench/native_tables.py', LF will be replaced by CRLF the next time Git touches it
warning: in the working copy of 'src/ocr_workbench/page_processing.py', LF will be replaced by CRLF the next time Git touches it
warning: in the working copy of 'src/ocr_workbench/pdf_export.py', LF will be replaced by CRLF the next time Git touches it
warning: in the working copy of 'src/ocr_workbench/pdf_worker.py', LF will be replaced by CRLF the next time Git touches it
warning: in the working copy of 'src/ocr_workbench/service.py', LF will be replaced by CRLF the next time Git touches it
warning: in the working copy of 'src/ocr_workbench/store.py', LF will be replaced by CRLF the next time Git touches it
warning: in the working copy of 'src/ocr_workbench/table_geometry_worker.py', LF will be replaced by CRLF the next time Git touches it
warning: in the working copy of 'src/ocr_workbench/tables.py', LF will be replaced by CRLF the next time Git touches it
warning: in the working copy of 'src/ocr_workbench/task_queue.py', LF will be replaced by CRLF the next time Git touches it
warning: in the working copy of 'tests/test_document_processing.py', LF will be replaced by CRLF the next time Git touches it
warning: in the working copy of 'tests/test_geometry.py', LF will be replaced by CRLF the next time Git touches it
warning: in the working copy of 'tests/test_pdf_export.py', LF will be replaced by CRLF the next time Git touches it
warning: in the working copy of 'tests/test_store.py', LF will be replaced by CRLF the next time Git touches it
