test_cropbox_rotation_round_trip_and_viewport_corners (test_document_foundation.CoordinateTests.test_cropbox_rotation_round_trip_and_viewport_corners) ... ok
test_geometry_identity_ignores_text_but_detects_topology (test_document_foundation.CoordinateTests.test_geometry_identity_ignores_text_but_detects_topology) ... ok
test_invalid_nonfinite_and_nonlinear_transforms (test_document_foundation.CoordinateTests.test_invalid_nonfinite_and_nonlinear_transforms) ... ok
test_nonlinear_version_does_not_reuse_pdf_mapping (test_document_foundation.DocumentFoundationTests.test_nonlinear_version_does_not_reuse_pdf_mapping) ... ok
test_regions_bind_version_and_reject_cross_page_and_outside (test_document_foundation.DocumentFoundationTests.test_regions_bind_version_and_reject_cross_page_and_outside) ... ok
test_schema8_migration_preserves_ids_paths_and_backs_up_before_write (test_document_foundation.DocumentFoundationTests.test_schema8_migration_preserves_ids_paths_and_backs_up_before_write) ... ok
test_single_image_links_and_derived_versions_keep_identity (test_document_foundation.DocumentFoundationTests.test_single_image_links_and_derived_versions_keep_identity) ... ok
test_stages_resume_without_repeating_success_and_late_commit_is_rejected (test_document_foundation.DocumentFoundationTests.test_stages_resume_without_repeating_success_and_late_commit_is_rejected) ... ok
test_v9_failure_rolls_back_new_tables_and_rejects_future_schema (test_document_foundation.DocumentFoundationTests.test_v9_failure_rolls_back_new_tables_and_rejects_future_schema) ... ok
test_duplicate_agreement_and_ambiguous_overlap_are_distinguished (test_document_processing.PageMergeTests.test_duplicate_agreement_and_ambiguous_overlap_are_distinguished) ... ok
test_region_coordinates_map_without_modifying_input_or_fabricating_missing_boxes (test_document_processing.PageMergeTests.test_region_coordinates_map_without_modifying_input_or_fabricating_missing_boxes) ... ok
test_chinese_two_column_text_and_damaged_unicode_are_distinguished (test_document_processing.PdfWorkflowTests.test_chinese_two_column_text_and_damaged_unicode_are_distinguished) ... ok
test_empty_region_preserves_native_page_but_blocks_unreviewed_pdf_export (test_document_processing.PdfWorkflowTests.test_empty_region_preserves_native_page_but_blocks_unreviewed_pdf_export) ... ok
test_encrypted_unlock_is_ephemeral_and_resume_keeps_completed_pages (test_document_processing.PdfWorkflowTests.test_encrypted_unlock_is_ephemeral_and_resume_keeps_completed_pages) ... ok
test_lazy_thousand_page_import_materializes_no_images_and_pages_are_ordered (test_document_processing.PdfWorkflowTests.test_lazy_thousand_page_import_materializes_no_images_and_pages_are_ordered) ... ok
test_mixed_page_keeps_native_page_number_and_region_ocr_maps_to_full_page (test_document_processing.PdfWorkflowTests.test_mixed_page_keeps_native_page_number_and_region_ocr_maps_to_full_page) ... ok
test_native_page_auto_processing_retains_ids_and_does_not_enqueue_gpu (test_document_processing.PdfWorkflowTests.test_native_page_auto_processing_retains_ids_and_does_not_enqueue_gpu) ... ok
test_old_invisible_ocr_is_flagged_and_blank_page_keeps_number (test_document_processing.PdfWorkflowTests.test_old_invisible_ocr_is_flagged_and_blank_page_keeps_number) ... ok
test_rotated_cropboxes_native_geometry_matches_rendered_glyphs (test_document_processing.PdfWorkflowTests.test_rotated_cropboxes_native_geometry_matches_rendered_glyphs) ... ok
test_tiff_is_lazy_and_corrupt_pdf_has_no_partial_document (test_document_processing.PdfWorkflowTests.test_tiff_is_lazy_and_corrupt_pdf_has_no_partial_document) ... ok
test_auth_import_pages_process_search_and_export_snapshot (test_document_api.DocumentApiTests.test_auth_import_pages_process_search_and_export_snapshot) ... ok
test_geometry_manual_revision_version_and_native_conflict_decisions (test_document_api.DocumentApiTests.test_geometry_manual_revision_version_and_native_conflict_decisions) ... ok
test_auxiliary_timeout_and_crash_preserve_base_result_and_show_review_issue (test_table_tool_lifecycle.TableToolLifecycleTests.test_auxiliary_timeout_and_crash_preserve_base_result_and_show_review_issue) ... ok
test_base_render_never_runs_auxiliary_tool (test_table_tool_lifecycle.TableToolLifecycleTests.test_base_render_never_runs_auxiliary_tool) ... ok
test_broken_cache_recomputes_and_empty_detection_is_not_failure (test_table_tool_lifecycle.TableToolLifecycleTests.test_broken_cache_recomputes_and_empty_detection_is_not_failure) ... ok
test_cache_reuse_config_change_and_legacy_snapshot (test_table_tool_lifecycle.TableToolLifecycleTests.test_cache_reuse_config_change_and_legacy_snapshot) ... ok
test_encrypted_auxiliary_retry_waits_for_password_and_resumes (test_table_tool_lifecycle.TableToolLifecycleTests.test_encrypted_auxiliary_retry_waits_for_password_and_resumes) ... ok
test_real_subprocess_timeout_retains_published_native_page (test_table_tool_lifecycle.TableToolLifecycleTests.test_real_subprocess_timeout_retains_published_native_page) ... ok
test_resuming_regions_refreshes_auxiliary_snapshot_without_repeating_completed_ocr (test_table_tool_lifecycle.TableToolLifecycleTests.test_resuming_regions_refreshes_auxiliary_snapshot_without_repeating_completed_ocr) ... ok
test_retry_failure_and_cancellation_remain_actionable (test_table_tool_lifecycle.TableToolLifecycleTests.test_retry_failure_and_cancellation_remain_actionable) ... ok
test_retry_preserves_manual_edit_revision_history_selection_and_original (test_table_tool_lifecycle.TableToolLifecycleTests.test_retry_preserves_manual_edit_revision_history_selection_and_original) ... ok
test_service_stop_during_tool_remains_interrupted_without_publishing (test_table_tool_lifecycle.TableToolLifecycleTests.test_service_stop_during_tool_remains_interrupted_without_publishing) ... ok
test_stop_after_tool_returns_also_prevents_publication (test_table_tool_lifecycle.TableToolLifecycleTests.test_stop_after_tool_returns_also_prevents_publication) ... ok
test_waiting_unlock_propagates_without_failure_or_partial_result (test_table_tool_lifecycle.TableToolLifecycleTests.test_waiting_unlock_propagates_without_failure_or_partial_result) ... ok

----------------------------------------------------------------------
Ran 34 tests in 70.792s

OK
