1 80 PMC4995370_table_0 success 1.534 
2 80 PMC4369829_table_0 success 0.38 
3 80 PMC5717048_table_0 success 0.99 
4 80 PMC3574653_table_0 success 0.373 
5 80 PMC2577118_table_0 success 0.534 
6 80 PMC4566864_table_0 success 0.626 
7 80 PMC4795784_table_1 success 1.277 
8 80 PMC3212536_table_1 success 0.519 
9 80 PMC5147856_table_0 success 1.308 
10 80 PMC2761847_table_0 success 0.511 
11 80 PMC4498019_table_2 success 0.437 
12 80 PMC6156584_table_0 success 0.485 
13 80 PMC3198435_table_2 success 0.443 
14 80 PMC6210530_table_2 success 0.602 
15 80 PMC1929140_table_0 success 0.625 
16 80 PMC2817697_table_0 success 0.619 
17 80 PMC4940880_table_2 success 0.518 
18 80 PMC5685491_table_1 success 0.577 
19 80 PMC5829779_table_3 success 0.352 
20 80 PMC4607152_table_2 success 0.633 
21 80 PMC2846848_table_0 success 0.673 
22 80 PMC4601795_table_1 success 1.244 
23 80 PMC5142779_table_0 success 0.418 
24 80 PMC3287339_table_0 success 0.514 
25 80 PMC1804284_table_0 success 0.632 
26 80 PMC4919831_table_0 success 0.435 
27 80 PMC4430217_table_3 success 0.464 
28 80 PMC6013457_table_0 success 0.582 
29 80 PMC4345003_table_3 success 0.66 
30 80 PMC4705509_table_1 success 0.736 
31 80 PMC2977608_table_1 success 0.39 
32 80 PMC6143767_table_1 success 0.454 
33 80 PMC3418246_table_0 success 0.875 
34 80 PMC6224105_table_0 success 0.929 
35 80 PMC6108503_table_0 success 1.236 
36 80 PMC6165285_table_0 success 0.953 
37 80 PMC4654893_table_1 success 0.701 
38 80 PMC1431701_table_5 success 0.645 
39 80 PMC2650090_table_2 success 0.693 
40 80 PMC1769359_table_4 success 1.306 
41 80 PMC4543480_table_0 success 0.433 
42 80 PMC6201568_table_1 success 1.027 
43 80 PMC2714296_table_2 success 0.474 
44 80 PMC5047007_table_0 success 1.168 
45 80 PMC3691196_table_3 success 0.601 
46 80 PMC5725465_table_0 success 0.4 
47 80 PMC1866461_table_1 success 0.635 
48 80 PMC3117786_table_0 success 1.106 
49 80 PMC2953516_table_6 success 0.365 
50 80 PMC3012690_table_1 success 0.447 
51 80 PMC3651354_table_3 success 0.362 
52 80 PMC3705342_table_1 success 0.62 
53 80 PMC1184070_table_1 success 0.837 
54 80 PMC4424527_table_0 success 0.701 
55 80 PMC6041810_table_0 success 0.68 
56 80 PMC3557638_table_0 success 0.522 
57 80 PMC2862029_table_0 success 0.519 
58 80 PMC4500408_table_3 success 0.456 
59 80 PMC2983951_table_3 success 0.972 
60 80 PMC4436863_table_0 success 0.378 
61 80 PMC3107822_table_1 success 0.4 
62 80 PMC5799979_table_0 success 0.451 
63 80 PMC5722557_table_6 success 1.04 
64 80 PMC6168541_table_1 success 0.37 
65 80 PMC4494277_table_0 success 0.386 
66 80 PMC4886403_table_2 success 0.979 
67 80 PMC3014685_table_1 success 1.138 
68 80 PMC4999282_table_0 success 0.826 
69 80 PMC3618349_table_0 success 0.427 
70 80 PMC2447848_table_1 success 1.346 
71 80 PMC4376798_table_1 success 0.497 
72 80 PMC4507179_table_1 success 0.499 
73 80 PMC6031427_table_1 success 0.413 
74 80 PMC3484122_table_1 success 0.92 
75 80 PMC6194601_table_2 success 1.302 
76 80 PMC2364634_table_6 success 1.08 
77 80 PMC3217969_table_1 success 0.417 
78 80 PMC4752331_table_1 success 0.631 
79 80 PMC4556713_table_0 success 0.54 
80 80 PMC2766386_table_0 success 0.767 
