page navigation saves current revision before changing image
PDF preflight names missing text and an explicit page range exports successfully
document search uses adopted saved content
node:internal/modules/run_main:123
    triggerUncaughtException(
    ^

locator.click: Error: strict mode violation: getByRole('region', { name: '文档与页面', exact: true }).getByRole('button', { name: /第 2 页/ }) resolved to 2 elements:
    1) <button>…</button> aka getByRole('button', { name: '第 2 页 尚未展开' })
    2) <button>…</button> aka getByRole('button', { name: '第 2 页 · 页面尚无当前版本的采用结果 页面核对' })

Call log:
  - waiting for getByRole('region', { name: '文档与页面', exact: true }).getByRole('button', { name: /第 2 页/ })
    - locator resolved to <button disabled>…</button>
  - attempting click action
    - waiting for element to be visible, enabled and stable
    - element is not stable
  - retrying click action
    - waiting for element to be visible, enabled and stable
  - element was detached from the DOM, retrying

    at C:\Users\A\Desktop\OCR\scripts\audit_document_ui.mjs:46:49

Node.js v22.17.0
