test_cancellation_and_expired_inference_publish_no_proposal (test_multimodal_integration.MultimodalIntegrationTests.test_cancellation_and_expired_inference_publish_no_proposal) ... ok
test_committed_submission_replay_survives_model_removal_and_review_only_mode (test_multimodal_integration.MultimodalIntegrationTests.test_committed_submission_replay_survives_model_removal_and_review_only_mode) ... ok
test_deciding_earlier_task_expires_running_other_task_without_losing_siblings (test_multimodal_integration.MultimodalIntegrationTests.test_deciding_earlier_task_expires_running_other_task_without_losing_siblings) ... ok
test_failure_retry_and_launch_recovery_keep_same_snapshot (test_multimodal_integration.MultimodalIntegrationTests.test_failure_retry_and_launch_recovery_keep_same_snapshot) ... ok
test_models_endpoint_handles_missing_config_and_advertises_ready_profile (test_multimodal_integration.MultimodalIntegrationTests.test_models_endpoint_handles_missing_config_and_advertises_ready_profile) ... ok
test_one_broken_model_profile_does_not_hide_available_models (test_multimodal_integration.MultimodalIntegrationTests.test_one_broken_model_profile_does_not_hide_available_models) ... ok
test_pdf_capture_contains_review_provenance_without_changing_ocr_units (test_multimodal_integration.MultimodalIntegrationTests.test_pdf_capture_contains_review_provenance_without_changing_ocr_units) ... ok
test_queue_only_publishes_proposals_and_closes_session (test_multimodal_integration.MultimodalIntegrationTests.test_queue_only_publishes_proposals_and_closes_session) ... ok
test_real_catalog_isolates_malformed_alternative_metadata (test_multimodal_integration.MultimodalIntegrationTests.test_real_catalog_isolates_malformed_alternative_metadata) ... ok
test_report_pins_content_and_provenance_while_another_store_edits (test_multimodal_integration.MultimodalIntegrationTests.test_report_pins_content_and_provenance_while_another_store_edits) ... ok
test_reports_preserve_literals_and_include_failed_tasks (test_multimodal_integration.MultimodalIntegrationTests.test_reports_preserve_literals_and_include_failed_tasks) ... ok
test_review_only_routes_allow_decision_and_report_but_deny_inference (test_multimodal_integration.MultimodalIntegrationTests.test_review_only_routes_allow_decision_and_report_but_deny_inference) ... ok
test_runtime_cancel_on_shutdown_is_interrupted_and_resumable (test_multimodal_integration.MultimodalIntegrationTests.test_runtime_cancel_on_shutdown_is_interrupted_and_resumable) ... ok
test_standard_exports_carry_same_revision_sources_and_literal_content (test_multimodal_integration.MultimodalIntegrationTests.test_standard_exports_carry_same_revision_sources_and_literal_content) ... ok
test_task_routes_validate_ownership_and_reject_stale_retry (test_multimodal_integration.MultimodalIntegrationTests.test_task_routes_validate_ownership_and_reject_stale_retry) ... ok
test_ambiguous_multiple_tables_do_not_guess_even_a_region (test_geometry.GeometryMappingTests.test_ambiguous_multiple_tables_do_not_guess_even_a_region) ... ok
test_direct_detection_unique_structure_and_text_give_cell_coordinates (test_geometry.GeometryMappingTests.test_direct_detection_unique_structure_and_text_give_cell_coordinates) ... ok
test_malformed_model_structure_degrades_without_crashing (test_geometry.GeometryMappingTests.test_malformed_model_structure_degrades_without_crashing) ... ok
test_same_cell_count_different_structure_and_repeated_values_are_ambiguous (test_geometry.GeometryMappingTests.test_same_cell_count_different_structure_and_repeated_values_are_ambiguous) ... ok
test_unsupported_postprocessed_box_degrades_without_fake_precision (test_geometry.GeometryMappingTests.test_unsupported_postprocessed_box_degrades_without_fake_precision) ... ok
test_algorithm_code_change_invalidates_correspondence_without_version_bump (test_geometry.GeometryStorageTests.test_algorithm_code_change_invalidates_correspondence_without_version_bump) ... ok
test_cancelled_geometry_cannot_commit_late_evidence (test_geometry.GeometryStorageTests.test_cancelled_geometry_cannot_commit_late_evidence) ... ok
test_candidate_cache_survives_text_edit_without_reusing_correspondence (test_geometry.GeometryStorageTests.test_candidate_cache_survives_text_edit_without_reusing_correspondence) ... ok
test_geometry_cache_never_changes_text_revision_selection_or_original (test_geometry.GeometryStorageTests.test_geometry_cache_never_changes_text_revision_selection_or_original) ... ok
test_late_text_revision_does_not_become_fresh_geometry (test_geometry.GeometryStorageTests.test_late_text_revision_does_not_become_fresh_geometry) ... ok
test_manual_binding_is_explicit_and_revision_checked (test_geometry.GeometryStorageTests.test_manual_binding_is_explicit_and_revision_checked) ... ok
test_native_structure_is_separate_preview_and_exports_native_words_once (test_geometry.GeometryStorageTests.test_native_structure_is_separate_preview_and_exports_native_words_once) ... ok
test_policy_change_does_not_hit_mapping_cache (test_geometry.GeometryStorageTests.test_policy_change_does_not_hit_mapping_cache) ... ok
test_text_cache_and_old_anchor_snapshot_are_distinct (test_geometry.GeometryStorageTests.test_text_cache_and_old_anchor_snapshot_are_distinct) ... ok
test_text_edit_keeps_geometry_but_structure_edit_and_undo_expire_it (test_geometry.GeometryStorageTests.test_text_edit_keeps_geometry_but_structure_edit_and_undo_expire_it) ... ok
test_native_table_conversion_preserves_interleaved_ocr_and_conflict (test_pdf_table_tools.PdfToolAdapterTests.test_native_table_conversion_preserves_interleaved_ocr_and_conflict) ... ok
test_spans_coordinates_and_upstream_identity_are_not_reestimated (test_pdf_table_tools.PdfToolAdapterTests.test_spans_coordinates_and_upstream_identity_are_not_reestimated) ... ok
test_tool_on_generated_grids_across_rotation_crop_and_dpi (test_pdf_table_tools.PdfToolAdapterTests.test_tool_on_generated_grids_across_rotation_crop_and_dpi) ... ok
test_empty_region_is_reviewable_but_error_and_empty_whole_image_still_fail (test_pdf_table_tools.RegionOutcomeTests.test_empty_region_is_reviewable_but_error_and_empty_whole_image_still_fail) ... ok
test_successful_text_does_not_acquire_an_empty_region_warning (test_pdf_table_tools.RegionOutcomeTests.test_successful_text_does_not_acquire_an_empty_region_warning) ... ok

----------------------------------------------------------------------
Ran 35 tests in 4.979s

OK
