{"observed_at": "2026-09-12T07:26:44.590845+00:00", "counts": {"succeeded": 6}, "transitions_recorded": 0}
{"id": "34f581455cfe4ae3bf04b5d3dad85996", "image_name": "chinese_store.jpg", "engine": "ppocr", "engine_name": "PP-OCRv6 medium", "engine_package": "builtin", "status": "succeeded", "phase": "已完成", "elapsed_seconds": 0.10906790000080946, "load_seconds": 0, "wall_seconds": 0.271, "blocks": 9, "tables": 0, "chars": 34, "edited_tables": 0, "edited_chars": 34, "result_revision": 0, "error": null}
{"id": "50ad95ccc6064ddd876b5676d9fc583c", "image_name": "chinese_scanned_exam.png", "engine": "ppocr", "engine_name": "PP-OCRv6 medium", "engine_package": "builtin", "status": "succeeded", "phase": "已完成", "elapsed_seconds": 1.4666749999996682, "load_seconds": 10.811576099999002, "wall_seconds": 26.224, "blocks": 27, "tables": 0, "chars": 495, "edited_tables": 0, "edited_chars": 495, "result_revision": 0, "error": null}
{"id": "7ef236b9e0c44acd88e26eb57c9ae05d", "image_name": "english_book_photo.jpg", "engine": "ppocr", "engine_name": "PP-OCRv6 medium", "engine_package": "builtin", "status": "succeeded", "phase": "已完成", "elapsed_seconds": 0.4406624000002921, "load_seconds": 0, "wall_seconds": 0.588, "blocks": 57, "tables": 0, "chars": 1307, "edited_tables": 0, "edited_chars": 1307, "result_revision": 0, "error": null}
{"id": "97577641bbcc49e9af408987f18ce5e6", "image_name": "chinese_handwriting.png", "engine": "ppocr", "engine_name": "PP-OCRv6 medium", "engine_package": "builtin", "status": "succeeded", "phase": "已完成", "elapsed_seconds": 0.5118093000000954, "load_seconds": 0, "wall_seconds": 0.708, "blocks": 38, "tables": 0, "chars": 465, "edited_tables": 0, "edited_chars": 465, "result_revision": 0, "error": null}
{"id": "d8f85e28ad1a47799bcb2a28945ed6ee", "image_name": "document_formula.png", "engine": "ppocr", "engine_name": "PP-OCRv6 medium", "engine_package": "builtin", "status": "succeeded", "phase": "已完成", "elapsed_seconds": 1.0857930000001943, "load_seconds": 0, "wall_seconds": 1.27, "blocks": 146, "tables": 0, "chars": 4100, "edited_tables": 0, "edited_chars": 4100, "result_revision": 0, "error": null}
{"id": "f57aa73cf3534908963aeaba9fcd19fd", "image_name": "pubmed_table.png", "engine": "ppocr", "engine_name": "PP-OCRv6 medium", "engine_package": "builtin", "status": "succeeded", "phase": "已完成", "elapsed_seconds": 0.22536500000023807, "load_seconds": 0, "wall_seconds": 0.402, "blocks": 42, "tables": 0, "chars": 245, "edited_tables": 0, "edited_chars": 245, "result_revision": 0, "error": null}
{"observed_at": "2026-09-12T07:27:00.389027+00:00", "counts": {"succeeded": 6, "queued": 3, "running": 1}, "transitions_recorded": 4}
{"id": "c7214d12be004090bb5f57b5815765dc", "image_name": "pubmed_table.png", "engine": "paddlevl", "engine_name": "paddlevl", "engine_package": "builtin", "status": "queued", "phase": "等待识别", "elapsed_seconds": null, "load_seconds": null, "wall_seconds": null, "blocks": 0, "tables": 0, "chars": 0, "edited_tables": 0, "edited_chars": 0, "result_revision": null, "error": null}
{"id": "ce00a6c28e41409085ae2c4751d3ea71", "image_name": "pubmed_table.png", "engine": "glm", "engine_name": "glm", "engine_package": "builtin", "status": "running", "phase": "加载引擎", "elapsed_seconds": null, "load_seconds": null, "wall_seconds": null, "blocks": 0, "tables": 0, "chars": 0, "edited_tables": 0, "edited_chars": 0, "result_revision": null, "error": null}
{"id": "d21c573d830b427cb313cab00189fdf6", "image_name": "pubmed_table.png", "engine": "ppocr", "engine_name": "ppocr", "engine_package": "builtin", "status": "queued", "phase": "等待识别", "elapsed_seconds": null, "load_seconds": null, "wall_seconds": null, "blocks": 0, "tables": 0, "chars": 0, "edited_tables": 0, "edited_chars": 0, "result_revision": null, "error": null}
{"id": "5a6ef6c031104abfaadae97eafa1eed0", "image_name": "pubmed_table.png", "engine": "hunyuan", "engine_name": "hunyuan", "engine_package": "builtin", "status": "queued", "phase": "等待识别", "elapsed_seconds": null, "load_seconds": null, "wall_seconds": null, "blocks": 0, "tables": 0, "chars": 0, "edited_tables": 0, "edited_chars": 0, "result_revision": null, "error": null}
{"observed_at": "2026-09-12T07:27:19.836547+00:00", "counts": {"succeeded": 6, "queued": 2, "cancelled": 1, "running": 1}, "transitions_recorded": 2}
{"id": "ce00a6c28e41409085ae2c4751d3ea71", "image_name": "pubmed_table.png", "engine": "glm", "engine_name": "glm", "engine_package": "builtin", "status": "cancelled", "phase": "已取消", "elapsed_seconds": null, "load_seconds": null, "wall_seconds": null, "blocks": 0, "tables": 0, "chars": 0, "edited_tables": 0, "edited_chars": 0, "result_revision": null, "error": null}
{"id": "5a6ef6c031104abfaadae97eafa1eed0", "image_name": "pubmed_table.png", "engine": "hunyuan", "engine_name": "hunyuan", "engine_package": "builtin", "status": "running", "phase": "加载引擎", "elapsed_seconds": null, "load_seconds": null, "wall_seconds": null, "blocks": 0, "tables": 0, "chars": 0, "edited_tables": 0, "edited_chars": 0, "result_revision": null, "error": null}
{"observed_at": "2026-09-12T07:27:26.007736+00:00", "counts": {"succeeded": 6, "queued": 2, "cancelled": 1, "running": 1}, "transitions_recorded": 1}
{"id": "5a6ef6c031104abfaadae97eafa1eed0", "image_name": "pubmed_table.png", "engine": "hunyuan", "engine_name": "hunyuan", "engine_package": "builtin", "status": "running", "phase": "识别中", "elapsed_seconds": null, "load_seconds": null, "wall_seconds": null, "blocks": 0, "tables": 0, "chars": 0, "edited_tables": 0, "edited_chars": 0, "result_revision": null, "error": null}
{"observed_at": "2026-09-12T07:27:28.066479+00:00", "counts": {"succeeded": 6, "queued": 3, "running": 1}, "transitions_recorded": 1}
{"id": "ce00a6c28e41409085ae2c4751d3ea71", "image_name": "pubmed_table.png", "engine": "glm", "engine_name": "glm", "engine_package": "builtin", "status": "queued", "phase": "等待识别", "elapsed_seconds": null, "load_seconds": null, "wall_seconds": null, "blocks": 0, "tables": 0, "chars": 0, "edited_tables": 0, "edited_chars": 0, "result_revision": null, "error": null}
{"observed_at": "2026-09-12T07:27:28.574759+00:00", "counts": {"succeeded": 7, "queued": 2, "running": 1}, "transitions_recorded": 2}
{"id": "ce00a6c28e41409085ae2c4751d3ea71", "image_name": "pubmed_table.png", "engine": "glm", "engine_name": "glm", "engine_package": "builtin", "status": "running", "phase": "加载引擎", "elapsed_seconds": null, "load_seconds": null, "wall_seconds": null, "blocks": 0, "tables": 0, "chars": 0, "edited_tables": 0, "edited_chars": 0, "result_revision": null, "error": null}
{"id": "5a6ef6c031104abfaadae97eafa1eed0", "image_name": "pubmed_table.png", "engine": "hunyuan", "engine_name": "HunyuanOCR-1.5", "engine_package": "builtin", "status": "succeeded", "phase": "已完成", "elapsed_seconds": 2.0446051999988413, "load_seconds": 5.980464300000676, "wall_seconds": 8.9, "blocks": 1, "tables": 1, "chars": 699, "edited_tables": 1, "edited_chars": 699, "result_revision": 0, "error": null}
{"observed_at": "2026-09-12T07:27:46.744339+00:00", "counts": {"succeeded": 7, "queued": 2, "running": 1}, "transitions_recorded": 1}
{"id": "ce00a6c28e41409085ae2c4751d3ea71", "image_name": "pubmed_table.png", "engine": "glm", "engine_name": "glm", "engine_package": "builtin", "status": "running", "phase": "识别中", "elapsed_seconds": null, "load_seconds": null, "wall_seconds": null, "blocks": 0, "tables": 0, "chars": 0, "edited_tables": 0, "edited_chars": 0, "result_revision": null, "error": null}
{"observed_at": "2026-09-12T07:27:56.528888+00:00", "counts": {"succeeded": 7, "queued": 2, "running": 1}, "transitions_recorded": 1}
{"id": "34f581455cfe4ae3bf04b5d3dad85996", "image_name": "chinese_store.jpg", "engine": "ppocr", "engine_name": "PP-OCRv6 medium", "engine_package": "builtin", "status": "succeeded", "phase": "已完成", "elapsed_seconds": 0.10906790000080946, "load_seconds": 0, "wall_seconds": 0.271, "blocks": 9, "tables": 0, "chars": 34, "edited_tables": 0, "edited_chars": 44, "result_revision": 1, "error": null}
{"observed_at": "2026-09-12T07:27:59.599443+00:00", "counts": {"succeeded": 8, "running": 1, "queued": 1}, "transitions_recorded": 2}
{"id": "c7214d12be004090bb5f57b5815765dc", "image_name": "pubmed_table.png", "engine": "paddlevl", "engine_name": "paddlevl", "engine_package": "builtin", "status": "running", "phase": "加载引擎", "elapsed_seconds": null, "load_seconds": null, "wall_seconds": null, "blocks": 0, "tables": 0, "chars": 0, "edited_tables": 0, "edited_chars": 0, "result_revision": null, "error": null}
{"id": "ce00a6c28e41409085ae2c4751d3ea71", "image_name": "pubmed_table.png", "engine": "glm", "engine_name": "GLM-OCR", "engine_package": "builtin", "status": "succeeded", "phase": "已完成", "elapsed_seconds": 12.494774799999504, "load_seconds": 3.87736810000024, "wall_seconds": 30.957, "blocks": 1, "tables": 1, "chars": 714, "edited_tables": 1, "edited_chars": 714, "result_revision": 0, "error": null}
{"observed_at": "2026-09-12T07:28:10.924512+00:00", "counts": {"succeeded": 8, "running": 1, "queued": 1}, "transitions_recorded": 1}
{"id": "34f581455cfe4ae3bf04b5d3dad85996", "image_name": "chinese_store.jpg", "engine": "ppocr", "engine_name": "PP-OCRv6 medium", "engine_package": "builtin", "status": "succeeded", "phase": "已完成", "elapsed_seconds": 0.10906790000080946, "load_seconds": 0, "wall_seconds": 0.271, "blocks": 9, "tables": 0, "chars": 34, "edited_tables": 0, "edited_chars": 34, "result_revision": 2, "error": null}
{"observed_at": "2026-09-12T07:28:22.227363+00:00", "counts": {"succeeded": 8, "running": 1, "queued": 1}, "transitions_recorded": 1}
{"id": "34f581455cfe4ae3bf04b5d3dad85996", "image_name": "chinese_store.jpg", "engine": "ppocr", "engine_name": "PP-OCRv6 medium", "engine_package": "builtin", "status": "succeeded", "phase": "已完成", "elapsed_seconds": 0.10906790000080946, "load_seconds": 0, "wall_seconds": 0.271, "blocks": 9, "tables": 0, "chars": 34, "edited_tables": 0, "edited_chars": 44, "result_revision": 3, "error": null}
{"observed_at": "2026-09-12T07:28:31.496255+00:00", "counts": {"succeeded": 8, "running": 1, "queued": 1}, "transitions_recorded": 1}
{"id": "c7214d12be004090bb5f57b5815765dc", "image_name": "pubmed_table.png", "engine": "paddlevl", "engine_name": "paddlevl", "engine_package": "builtin", "status": "running", "phase": "识别中", "elapsed_seconds": null, "load_seconds": null, "wall_seconds": null, "blocks": 0, "tables": 0, "chars": 0, "edited_tables": 0, "edited_chars": 0, "result_revision": null, "error": null}
{"observed_at": "2026-09-12T07:28:38.187654+00:00", "counts": {"succeeded": 9, "running": 1}, "transitions_recorded": 2}
{"id": "c7214d12be004090bb5f57b5815765dc", "image_name": "pubmed_table.png", "engine": "paddlevl", "engine_name": "PaddleOCR-VL-1.6", "engine_package": "builtin", "status": "succeeded", "phase": "已完成", "elapsed_seconds": 6.849104499999157, "load_seconds": 17.790988700000526, "wall_seconds": 38.727, "blocks": 1, "tables": 1, "chars": 731, "edited_tables": 1, "edited_chars": 731, "result_revision": 0, "error": null}
{"id": "d21c573d830b427cb313cab00189fdf6", "image_name": "pubmed_table.png", "engine": "ppocr", "engine_name": "ppocr", "engine_package": "builtin", "status": "running", "phase": "加载引擎", "elapsed_seconds": null, "load_seconds": null, "wall_seconds": null, "blocks": 0, "tables": 0, "chars": 0, "edited_tables": 0, "edited_chars": 0, "result_revision": null, "error": null}
{"observed_at": "2026-09-12T07:28:46.933629+00:00", "counts": {"succeeded": 9, "running": 1}, "transitions_recorded": 1}
{"id": "d21c573d830b427cb313cab00189fdf6", "image_name": "pubmed_table.png", "engine": "ppocr", "engine_name": "ppocr", "engine_package": "builtin", "status": "running", "phase": "识别中", "elapsed_seconds": null, "load_seconds": null, "wall_seconds": null, "blocks": 0, "tables": 0, "chars": 0, "edited_tables": 0, "edited_chars": 0, "result_revision": null, "error": null}
{"observed_at": "2026-09-12T07:28:47.978093+00:00", "counts": {"succeeded": 10}, "transitions_recorded": 1}
{"id": "d21c573d830b427cb313cab00189fdf6", "image_name": "pubmed_table.png", "engine": "ppocr", "engine_name": "PP-OCRv6 medium", "engine_package": "builtin", "status": "succeeded", "phase": "已完成", "elapsed_seconds": 0.9180046000001312, "load_seconds": 5.523463999999876, "wall_seconds": 9.603, "blocks": 42, "tables": 0, "chars": 245, "edited_tables": 0, "edited_chars": 245, "result_revision": 0, "error": null}
{"observed_at": "2026-09-12T07:31:53.832908+00:00", "counts": {"succeeded": 10}, "transitions_recorded": 1}
{"id": "ce00a6c28e41409085ae2c4751d3ea71", "image_name": "pubmed_table.png", "engine": "glm", "engine_name": "GLM-OCR", "engine_package": "builtin", "status": "succeeded", "phase": "已完成", "elapsed_seconds": 12.494774799999504, "load_seconds": 3.87736810000024, "wall_seconds": 30.957, "blocks": 1, "tables": 1, "chars": 714, "edited_tables": 1, "edited_chars": 714, "result_revision": 1, "error": null}
{"observed_at": "2026-09-12T07:32:17.061256+00:00", "counts": {"succeeded": 10}, "transitions_recorded": 1}
{"id": "ce00a6c28e41409085ae2c4751d3ea71", "image_name": "pubmed_table.png", "engine": "glm", "engine_name": "GLM-OCR", "engine_package": "builtin", "status": "succeeded", "phase": "已完成", "elapsed_seconds": 12.494774799999504, "load_seconds": 3.87736810000024, "wall_seconds": 30.957, "blocks": 1, "tables": 1, "chars": 714, "edited_tables": 1, "edited_chars": 714, "result_revision": 2, "error": null}
{"observed_at": "2026-09-12T07:32:32.458995+00:00", "counts": {"succeeded": 10}, "transitions_recorded": 1}
{"id": "ce00a6c28e41409085ae2c4751d3ea71", "image_name": "pubmed_table.png", "engine": "glm", "engine_name": "GLM-OCR", "engine_package": "builtin", "status": "succeeded", "phase": "已完成", "elapsed_seconds": 12.494774799999504, "load_seconds": 3.87736810000024, "wall_seconds": 30.957, "blocks": 1, "tables": 1, "chars": 714, "edited_tables": 1, "edited_chars": 714, "result_revision": 5, "error": null}
{"observed_at": "2026-09-12T07:32:33.993740+00:00", "counts": {"succeeded": 10}, "transitions_recorded": 1}
{"id": "ce00a6c28e41409085ae2c4751d3ea71", "image_name": "pubmed_table.png", "engine": "glm", "engine_name": "GLM-OCR", "engine_package": "builtin", "status": "succeeded", "phase": "已完成", "elapsed_seconds": 12.494774799999504, "load_seconds": 3.87736810000024, "wall_seconds": 30.957, "blocks": 1, "tables": 1, "chars": 714, "edited_tables": 1, "edited_chars": 714, "result_revision": 6, "error": null}
{"observed_at": "2026-09-12T07:32:51.450726+00:00", "counts": {"succeeded": 10}, "transitions_recorded": 1}
{"id": "ce00a6c28e41409085ae2c4751d3ea71", "image_name": "pubmed_table.png", "engine": "glm", "engine_name": "GLM-OCR", "engine_package": "builtin", "status": "succeeded", "phase": "已完成", "elapsed_seconds": 12.494774799999504, "load_seconds": 3.87736810000024, "wall_seconds": 30.957, "blocks": 1, "tables": 1, "chars": 714, "edited_tables": 1, "edited_chars": 714, "result_revision": 7, "error": null}
{"observed_at": "2026-09-12T07:33:12.482941+00:00", "counts": {"succeeded": 10, "running": 1}, "transitions_recorded": 1}
{"id": "63565df8650445a29aebf2e4e781b2d4", "image_name": "chinese_handwriting.png", "engine": "hunyuan", "engine_name": "hunyuan", "engine_package": "builtin", "status": "running", "phase": "加载引擎", "elapsed_seconds": null, "load_seconds": null, "wall_seconds": null, "blocks": 0, "tables": 0, "chars": 0, "edited_tables": 0, "edited_chars": 0, "result_revision": null, "error": null}
{"observed_at": "2026-09-12T07:33:14.542492+00:00", "counts": {"succeeded": 10, "running": 1}, "transitions_recorded": 1}
{"id": "63565df8650445a29aebf2e4e781b2d4", "image_name": "chinese_handwriting.png", "engine": "hunyuan", "engine_name": "hunyuan", "engine_package": "builtin", "status": "running", "phase": "识别中", "elapsed_seconds": null, "load_seconds": null, "wall_seconds": null, "blocks": 0, "tables": 0, "chars": 0, "edited_tables": 0, "edited_chars": 0, "result_revision": null, "error": null}
{"observed_at": "2026-09-12T07:33:19.196139+00:00", "counts": {"succeeded": 11}, "transitions_recorded": 1}
{"id": "63565df8650445a29aebf2e4e781b2d4", "image_name": "chinese_handwriting.png", "engine": "hunyuan", "engine_name": "HunyuanOCR-1.5", "engine_package": "builtin", "status": "succeeded", "phase": "已完成", "elapsed_seconds": 4.105993300001501, "load_seconds": 1.9350551999996242, "wall_seconds": 6.838, "blocks": 1, "tables": 1, "chars": 691, "edited_tables": 1, "edited_chars": 691, "result_revision": 0, "error": null}
{"observed_at": "2026-09-12T07:33:53.486592+00:00", "counts": {"succeeded": 11}, "transitions_recorded": 1}
{"id": "34f581455cfe4ae3bf04b5d3dad85996", "image_name": "chinese_store.jpg", "engine": "ppocr", "engine_name": "PP-OCRv6 medium", "engine_package": "builtin", "status": "succeeded", "phase": "已完成", "elapsed_seconds": 0.10906790000080946, "load_seconds": 0, "wall_seconds": 0.271, "blocks": 9, "tables": 0, "chars": 34, "edited_tables": 1, "edited_chars": 44, "result_revision": 4, "error": null}
{"observed_at": "2026-09-12T07:34:02.703598+00:00", "counts": {"succeeded": 11}, "transitions_recorded": 1}
{"id": "34f581455cfe4ae3bf04b5d3dad85996", "image_name": "chinese_store.jpg", "engine": "ppocr", "engine_name": "PP-OCRv6 medium", "engine_package": "builtin", "status": "succeeded", "phase": "已完成", "elapsed_seconds": 0.10906790000080946, "load_seconds": 0, "wall_seconds": 0.271, "blocks": 9, "tables": 0, "chars": 34, "edited_tables": 1, "edited_chars": 44, "result_revision": 5, "error": null}
{"observed_at": "2026-09-12T07:34:17.607178+00:00", "counts": {"succeeded": 11}, "transitions_recorded": 1}
{"id": "34f581455cfe4ae3bf04b5d3dad85996", "image_name": "chinese_store.jpg", "engine": "ppocr", "engine_name": "PP-OCRv6 medium", "engine_package": "builtin", "status": "succeeded", "phase": "已完成", "elapsed_seconds": 0.10906790000080946, "load_seconds": 0, "wall_seconds": 0.271, "blocks": 9, "tables": 0, "chars": 34, "edited_tables": 1, "edited_chars": 44, "result_revision": 6, "error": null}
{"observed_at": "2026-09-12T07:34:39.126294+00:00", "counts": {"succeeded": 11}, "transitions_recorded": 1}
{"id": "34f581455cfe4ae3bf04b5d3dad85996", "image_name": "chinese_store.jpg", "engine": "ppocr", "engine_name": "PP-OCRv6 medium", "engine_package": "builtin", "status": "succeeded", "phase": "已完成", "elapsed_seconds": 0.10906790000080946, "load_seconds": 0, "wall_seconds": 0.271, "blocks": 9, "tables": 0, "chars": 34, "edited_tables": 1, "edited_chars": 44, "result_revision": 7, "error": null}
{"observed_at": "2026-09-12T07:35:35.490928+00:00", "counts": {"succeeded": 11}, "transitions_recorded": 1}
{"id": "34f581455cfe4ae3bf04b5d3dad85996", "image_name": "chinese_store.jpg", "engine": "ppocr", "engine_name": "PP-OCRv6 medium", "engine_package": "builtin", "status": "succeeded", "phase": "已完成", "elapsed_seconds": 0.10906790000080946, "load_seconds": 0, "wall_seconds": 0.271, "blocks": 9, "tables": 0, "chars": 34, "edited_tables": 2, "edited_chars": 44, "result_revision": 8, "error": null}
{"observed_at": "2026-09-12T07:35:48.319231+00:00", "counts": {"succeeded": 11}, "transitions_recorded": 1}
{"id": "34f581455cfe4ae3bf04b5d3dad85996", "image_name": "chinese_store.jpg", "engine": "ppocr", "engine_name": "PP-OCRv6 medium", "engine_package": "builtin", "status": "succeeded", "phase": "已完成", "elapsed_seconds": 0.10906790000080946, "load_seconds": 0, "wall_seconds": 0.271, "blocks": 9, "tables": 0, "chars": 34, "edited_tables": 2, "edited_chars": 44, "result_revision": 10, "error": null}
